---
source: src/day5.rs
expression: "&sorted_map"
---
IntoIter(
    [
        (
            "fertilizer",
            [
                Map {
                    to: "water",
                    destination_start: 49,
                    source_start: 53,
                    range_length: 8,
                },
                Map {
                    to: "water",
                    destination_start: 0,
                    source_start: 11,
                    range_length: 42,
                },
                Map {
                    to: "water",
                    destination_start: 42,
                    source_start: 0,
                    range_length: 7,
                },
                Map {
                    to: "water",
                    destination_start: 57,
                    source_start: 7,
                    range_length: 4,
                },
            ],
        ),
        (
            "humidity",
            [
                Map {
                    to: "location",
                    destination_start: 60,
                    source_start: 56,
                    range_length: 37,
                },
                Map {
                    to: "location",
                    destination_start: 56,
                    source_start: 93,
                    range_length: 4,
                },
            ],
        ),
        (
            "light",
            [
                Map {
                    to: "temperature",
                    destination_start: 45,
                    source_start: 77,
                    range_length: 23,
                },
                Map {
                    to: "temperature",
                    destination_start: 81,
                    source_start: 45,
                    range_length: 19,
                },
                Map {
                    to: "temperature",
                    destination_start: 68,
                    source_start: 64,
                    range_length: 13,
                },
            ],
        ),
        (
            "seed",
            [
                Map {
                    to: "soil",
                    destination_start: 50,
                    source_start: 98,
                    range_length: 2,
                },
                Map {
                    to: "soil",
                    destination_start: 52,
                    source_start: 50,
                    range_length: 48,
                },
            ],
        ),
        (
            "soil",
            [
                Map {
                    to: "fertilizer",
                    destination_start: 0,
                    source_start: 15,
                    range_length: 37,
                },
                Map {
                    to: "fertilizer",
                    destination_start: 37,
                    source_start: 52,
                    range_length: 2,
                },
                Map {
                    to: "fertilizer",
                    destination_start: 39,
                    source_start: 0,
                    range_length: 15,
                },
            ],
        ),
        (
            "temperature",
            [
                Map {
                    to: "humidity",
                    destination_start: 0,
                    source_start: 69,
                    range_length: 1,
                },
                Map {
                    to: "humidity",
                    destination_start: 1,
                    source_start: 0,
                    range_length: 69,
                },
            ],
        ),
        (
            "water",
            [
                Map {
                    to: "light",
                    destination_start: 88,
                    source_start: 18,
                    range_length: 7,
                },
                Map {
                    to: "light",
                    destination_start: 18,
                    source_start: 25,
                    range_length: 70,
                },
            ],
        ),
    ],
)
