---
source: src/day8.rs
expression: input.nodes.iter().sorted()
---
IntoIter(
    [
        (
            "AAA",
            (
                "BBB",
                "CCC",
            ),
        ),
        (
            "BBB",
            (
                "DDD",
                "EEE",
            ),
        ),
        (
            "CCC",
            (
                "ZZZ",
                "GGG",
            ),
        ),
        (
            "DDD",
            (
                "DDD",
                "DDD",
            ),
        ),
        (
            "EEE",
            (
                "EEE",
                "EEE",
            ),
        ),
        (
            "GGG",
            (
                "GGG",
                "GGG",
            ),
        ),
        (
            "ZZZ",
            (
                "ZZZ",
                "ZZZ",
            ),
        ),
    ],
)
