---
source: src/day11.rs
expression: generator(&INPUT).iter().sorted().collect_vec()
---
[
    (
        0,
        2,
    ),
    (
        0,
        9,
    ),
    (
        1,
        5,
    ),
    (
        3,
        0,
    ),
    (
        4,
        9,
    ),
    (
        6,
        4,
    ),
    (
        7,
        1,
    ),
    (
        7,
        8,
    ),
    (
        9,
        6,
    ),
]
