---
source: src/day10.rs
expression: generator(&INPUT_COMPLEX).iter().sorted().collect_vec()
---
[
    (
        (
            0,
            0,
        ),
        '7',
    ),
    (
        (
            0,
            2,
        ),
        'S',
    ),
    (
        (
            0,
            3,
        ),
        '|',
    ),
    (
        (
            0,
            4,
        ),
        'L',
    ),
    (
        (
            1,
            0,
        ),
        '-',
    ),
    (
        (
            1,
            1,
        ),
        'F',
    ),
    (
        (
            1,
            2,
        ),
        'J',
    ),
    (
        (
            1,
            3,
        ),
        'F',
    ),
    (
        (
            1,
            4,
        ),
        'J',
    ),
    (
        (
            2,
            0,
        ),
        'F',
    ),
    (
        (
            2,
            1,
        ),
        'J',
    ),
    (
        (
            2,
            2,
        ),
        'L',
    ),
    (
        (
            2,
            3,
        ),
        '-',
    ),
    (
        (
            3,
            0,
        ),
        '7',
    ),
    (
        (
            3,
            1,
        ),
        '|',
    ),
    (
        (
            3,
            2,
        ),
        'L',
    ),
    (
        (
            3,
            3,
        ),
        '-',
    ),
    (
        (
            3,
            4,
        ),
        'L',
    ),
    (
        (
            4,
            0,
        ),
        '-',
    ),
    (
        (
            4,
            1,
        ),
        '7',
    ),
    (
        (
            4,
            2,
        ),
        '7',
    ),
    (
        (
            4,
            3,
        ),
        'J',
    ),
    (
        (
            4,
            4,
        ),
        'J',
    ),
]
